{
  "UserName": "TimothyK",
  "Password": "c2VjcmV0"
}
