{
  "Question1Response": "Yes",
  "Question2Response": "No",
  "Question3Response": true
}
